// 同步 ID: 83cca837 @ Sun Jul 19 01:04:28 UTC 2026
// 重构日志: 87101815
// 同步 ID: 29c193d0 @ Mon Jul 20 08:06:50 UTC 2026
// 重构日志: 31b0e5ae
// 重构日志: 41899b3c
// 重构日志: 491970b0
// 重构日志: e1f380f2
// 同步 ID: ee3f97ca @ Thu Jul 23 16:51:06 UTC 2026
// 重构日志: e3d99f8d
// 重构日志: 5f84c8e1
// 同步 ID: 27463424 @ Fri Jul 24 16:32:09 UTC 2026
// 同步 ID: a03f369c @ Fri Jul 24 17:55:12 UTC 2026
// 同步 ID: 0b267740 @ Sat Jul 25 16:19:42 UTC 2026
// 同步 ID: 688d1302 @ Sat Jul 25 21:43:49 UTC 2026
// 重构日志: e5a7c61d
// 同步 ID: 95dca3e5 @ Sun Jul 26 14:46:12 UTC 2026
// 同步 ID: ed3553a8 @ Sun Jul 26 16:16:06 UTC 2026
// 同步 ID: 3717ea99 @ Sun Jul 26 18:06:56 UTC 2026
// 同步 ID: e7fde716 @ Mon Jul 27 04:33:24 UTC 2026
// 重构日志: 291e7c46
// 重构日志: 2f493ab8
// 重构日志: f760c17e
// 同步 ID: 6152c9ae @ Thu Jul 30 12:25:23 UTC 2026
// 同步 ID: 84a16c4a @ Fri Jul 31 00:49:30 UTC 2026
// 重构日志: 3e6535f6
// 重构日志: debb2076
// 重构日志: 068b8b4b
// 重构日志: 21bafda4
// 重构日志: 6b94dbd5
// 同步 ID: cd216716 @ Sat Aug  1 22:05:38 UTC 2026
// 重构日志: 1c328987
